// Vitest Snapshot v1, https://vitest.dev/guide/snapshot.html

exports[`highlights code 1`] = `
<DocumentFragment>
  f
  o
  o
</DocumentFragment>
`;
